2026-07-09 00:59:28,360 - INFO - Model loaded successfully!
2026-07-09 00:59:48,679 - INFO - Path: /docs | Processing Time: 0.0020s
2026-07-09 00:59:49,152 - INFO - Path: /openapi.json | Processing Time: 0.0203s
2026-07-09 01:00:51,570 - INFO - Predicting for input data: {'gender': 1, 'SeniorCitizen': 0, 'Partner': 1, 'Dependents': 0, 'tenure': 5.0, 'PhoneService': 1, 'MultipleLines': 0, 'OnlineSecurity': 0, 'OnlineBackup': 1, 'DeviceProtection': 0, 'TechSupport': 0, 'StreamingTV': 1, 'StreamingMovies': 1, 'PaperlessBilling': 1, 'MonthlyCharges': 85.5, 'TotalCharges': 427.5, 'InternetService_DSL': 0, 'InternetService_Fiber_optic': 1, 'InternetService_No': 0, 'Contract_Month_to_month': 1, 'Contract_One_year': 0, 'Contract_Two_year': 0, 'PaymentMethod_Bank_transfer': 0, 'PaymentMethod_Credit_card': 0, 'PaymentMethod_Electronic_check': 1, 'PaymentMethod_Mailed_check': 0}
2026-07-09 01:00:51,613 - INFO - Prediction result: {'churn_prediction': 1, 'churn_probability': 1.0}
2026-07-09 01:00:51,614 - INFO - Path: /predict | Processing Time: 0.0466s
2026-07-09 01:04:26,203 - INFO - Model loaded successfully!
2026-07-09 01:04:37,352 - INFO - Path: / | Processing Time: 0.0010s
2026-07-09 01:05:02,977 - INFO - Path: / | Processing Time: 0.0000s
2026-07-09 01:05:03,326 - INFO - Path: /favicon.ico | Processing Time: 0.0000s
2026-07-09 01:05:24,676 - INFO - Path: /docs | Processing Time: 0.0000s
2026-07-09 01:05:24,925 - INFO - Path: /openapi.json | Processing Time: 0.0166s
2026-07-09 01:06:10,634 - INFO - Predicting for input data: {'gender': 1, 'SeniorCitizen': 0, 'Partner': 1, 'Dependents': 0, 'tenure': 5.0, 'PhoneService': 1, 'MultipleLines': 0, 'OnlineSecurity': 0, 'OnlineBackup': 1, 'DeviceProtection': 0, 'TechSupport': 0, 'StreamingTV': 1, 'StreamingMovies': 1, 'PaperlessBilling': 1, 'MonthlyCharges': 85.5, 'TotalCharges': 427.5, 'InternetService_DSL': 0, 'InternetService_Fiber_optic': 1, 'InternetService_No': 0, 'Contract_Month_to_month': 1, 'Contract_One_year': 0, 'Contract_Two_year': 0, 'PaymentMethod_Bank_transfer': 0, 'PaymentMethod_Credit_card': 0, 'PaymentMethod_Electronic_check': 1, 'PaymentMethod_Mailed_check': 0}
2026-07-09 01:06:10,687 - INFO - Prediction result: {'churn_prediction': 1, 'churn_probability': 0.9998728169696264}
2026-07-09 01:06:10,697 - INFO - Path: /predict | Processing Time: 0.1063s
2026-07-09 01:06:12,325 - INFO - Predicting for input data: {'gender': 1, 'SeniorCitizen': 0, 'Partner': 1, 'Dependents': 0, 'tenure': 5.0, 'PhoneService': 1, 'MultipleLines': 0, 'OnlineSecurity': 0, 'OnlineBackup': 1, 'DeviceProtection': 0, 'TechSupport': 0, 'StreamingTV': 1, 'StreamingMovies': 1, 'PaperlessBilling': 1, 'MonthlyCharges': 85.5, 'TotalCharges': 427.5, 'InternetService_DSL': 0, 'InternetService_Fiber_optic': 1, 'InternetService_No': 0, 'Contract_Month_to_month': 1, 'Contract_One_year': 0, 'Contract_Two_year': 0, 'PaymentMethod_Bank_transfer': 0, 'PaymentMethod_Credit_card': 0, 'PaymentMethod_Electronic_check': 1, 'PaymentMethod_Mailed_check': 0}
2026-07-09 01:06:12,344 - INFO - Prediction result: {'churn_prediction': 1, 'churn_probability': 0.9998728169696264}
2026-07-09 01:06:12,353 - INFO - Path: /predict | Processing Time: 0.0293s
2026-07-09 01:07:07,024 - INFO - Predicting for input data: {'gender': 0, 'SeniorCitizen': 0, 'Partner': 1, 'Dependents': 1, 'tenure': 70.0, 'PhoneService': 1, 'MultipleLines': 0, 'OnlineSecurity': 1, 'OnlineBackup': 1, 'DeviceProtection': 1, 'TechSupport': 1, 'StreamingTV': 0, 'StreamingMovies': 0, 'PaperlessBilling': 0, 'MonthlyCharges': 20.0, 'TotalCharges': 1400.0, 'InternetService_DSL': 1, 'InternetService_Fiber_optic': 0, 'InternetService_No': 0, 'Contract_Month_to_month': 0, 'Contract_One_year': 0, 'Contract_Two_year': 1, 'PaymentMethod_Bank_transfer': 1, 'PaymentMethod_Credit_card': 0, 'PaymentMethod_Electronic_check': 0, 'PaymentMethod_Mailed_check': 0}
2026-07-09 01:07:07,040 - INFO - Prediction result: {'churn_prediction': 0, 'churn_probability': 0.012746262023915147}
2026-07-09 01:07:07,045 - INFO - Path: /predict | Processing Time: 0.0242s
2026-07-09 01:56:42,924 - INFO - Path: /docs | Processing Time: 0.1653s
2026-07-09 01:56:43,374 - INFO - Path: /docs | Processing Time: 0.0010s
2026-07-09 01:56:44,081 - INFO - Path: /openapi.json | Processing Time: 0.0297s
